<html>
<body>
<pre>
<h1>礦ision Build Log</h1>
<h2>Project:</h2>
C:\Users\zhchma\Documents\GitHub\Haier\Example\FreeRTOS\Project\keil\Project.uvproj
Project File Date:  10/10/2014

<h2>Output:</h2>
Build target 'project'
linking...
Program Size: Code=14124 RO-data=460 RW-data=420 ZI-data=60852  
".\Project\Project.axf" - 0 Error(s), 0 Warning(s).
es\system_stm32f4xx.c(305): warning:  #191-D: type qualifier is meaningless on cast type
        SystemCoreClock = HSE_VALUE;
..\..\..\..\Libraries\CMSIS\Device\ST\STM32F4xx\Source\Templates\system_stm32f4xx.c(318): warning:  #191-D: type qualifier is meaningless on cast type
          pllvco = (HSE_VALUE / pllm) * ((RCC->PLLCFGR & RCC_PLLCFGR_PLLN) >> 6);
..\..\..\..\Libraries\CMSIS\Device\ST\STM32F4xx\Source\Templates\system_stm32f4xx.c: 2 warnings, 0 errors
compiling misc.c...
compiling stm32f4xx_adc.c...
compiling stm32f4xx_can.c...
compiling stm32f4xx_crc.c...
compiling stm32f4xx_cryp.c...
compiling stm32f4xx_cryp_aes.c...
compiling stm32f4xx_cryp_des.c...
compiling stm32f4xx_cryp_tdes.c...
compiling stm32f4xx_dac.c...
compiling stm32f4xx_dbgmcu.c...
compiling stm32f4xx_dcmi.c...
compiling stm32f4xx_dma.c...
compiling stm32f4xx_dma2d.c...
compiling stm32f4xx_exti.c...
compiling stm32f4xx_flash.c...
compiling stm32f4xx_fmc.c...
compiling stm32f4xx_gpio.c...
compiling stm32f4xx_hash.c...
compiling stm32f4xx_hash_md5.c...
compiling stm32f4xx_hash_sha1.c...
compiling stm32f4xx_i2c.c...
compiling stm32f4xx_iwdg.c...
compiling stm32f4xx_ltdc.c...
compiling stm32f4xx_pwr.c...
compiling stm32f4xx_rcc.c...
..\..\..\..\Libraries\STM32F4xx_StdPeriph_Driver\src\stm32f4xx_rcc.c(986): warning:  #191-D: type qualifier is meaningless on cast type
        RCC_Clocks->SYSCLK_Frequency = HSE_VALUE;
..\..\..\..\Libraries\STM32F4xx_StdPeriph_Driver\src\stm32f4xx_rcc.c(999): warning:  #191-D: type qualifier is meaningless on cast type
          pllvco = (HSE_VALUE / pllm) * ((RCC->PLLCFGR & RCC_PLLCFGR_PLLN) >> 6);
..\..\..\..\Libraries\STM32F4xx_StdPeriph_Driver\src\stm32f4xx_rcc.c: 2 warnings, 0 errors
compiling stm32f4xx_rng.c...
compiling stm32f4xx_rtc.c...
compiling stm32f4xx_sai.c...
compiling stm32f4xx_sdio.c...
compiling stm32f4xx_spi.c...
..\..\..\..\Libraries\STM32F4xx_StdPeriph_Driver\src\stm32f4xx_spi.c(427): warning:  #191-D: type qualifier is meaningless on cast type
      i2sclk = (uint32_t)(((HSE_VALUE / pllm) * plln) / pllr);
..\..\..\..\Libraries\STM32F4xx_StdPeriph_Driver\src\stm32f4xx_spi.c: 1 warning, 0 errors
compiling stm32f4xx_syscfg.c...
compiling stm32f4xx_tim.c...
compiling stm32f4xx_usart.c...
compiling stm32f4xx_wwdg.c...
compiling croutine.c...
compiling list.c...
compiling queue.c...
compiling tasks.c...
compiling timers.c...
compiling port.c...
compiling heap_4.c...
compiling api_lib.c...
compiling api_msg.c...
compiling err.c...
compiling netbuf.c...
compiling netdb.c...
compiling netifapi.c...
compiling sockets.c...
compiling tcpip.c...
compiling def.c...
compiling dhcp.c...
compiling dns.c...
compiling init.c...
compiling mem.c...
compiling memp.c...
compiling pbuf.c...
compiling netif.c...
compiling raw.c...
compiling stats.c...
compiling tcp.c...
compiling sys.c...
compiling tcp_in.c...
compiling tcp_out.c...
..\..\..\..\Utilities\Third_Party\lwip-1.4.1\src\core\tcp_out.c(845): warning:  #550-D: variable "tcphdr" was set but never used
    struct tcp_hdr *tcphdr;
..\..\..\..\Utilities\Third_Party\lwip-1.4.1\src\core\tcp_out.c(1367): warning:  #550-D: variable "tcphdr" was set but never used
    struct tcp_hdr *tcphdr;
..\..\..\..\Utilities\Third_Party\lwip-1.4.1\src\core\tcp_out.c: 2 warnings, 0 errors
compiling udp.c...
compiling autoip.c...
compiling icmp.c...
compiling igmp.c...
compiling inet.c...
compiling inet_chksum.c...
compiling ip.c...
compiling ip_addr.c...
compiling ip_frag.c...
compiling etharp.c...
compiling ethernetif.c...
..\inc\main.h(109): warning:  #1295-D: Deprecated declaration queue_init - give arg types
  void queue_init();
..\..\..\..\Utilities\Third_Party\lwip-1.4.1\port\STM32F4xx\FreeRTOS\ethernetif.c(354): warning:  #223-D: function "sys_timeout" declared implicitly
    sys_timeout(ARP_TMR_INTERVAL, arp_timer, NULL);
..\..\..\..\Utilities\Third_Party\lwip-1.4.1\port\STM32F4xx\FreeRTOS\ethernetif.c(363): warning:  #223-D: function "sys_timeout" declared implicitly
    sys_timeout(ARP_TMR_INTERVAL, arp_timer, NULL);
..\..\..\..\Utilities\Third_Party\lwip-1.4.1\port\STM32F4xx\FreeRTOS\ethernetif.c: 3 warnings, 0 errors
compiling sys_arch.c...
compiling lwip_timers.c...
compiling main.c...
..\inc\main.h(109): warning:  #1295-D: Deprecated declaration queue_init - give arg types
  void queue_init();
..\inc\record.h(43): warning:  #1-D: last line of file ends without a newline
  #endif // record_h
..\src\main.c: 2 warnings, 0 errors
compiling stm32f4x7_eth_bsp.c...
..\inc\main.h(109): warning:  #1295-D: Deprecated declaration queue_init - give arg types
  void queue_init();
..\src\stm32f4x7_eth_bsp.c: 1 warning, 0 errors
compiling stm32f4x7_eth.c...
compiling DC_Config.c...
compiling DC_Protocol.c...
compiling DC_Timer.c...
compiling ambi_prox.c...
..\inc\main.h(109): warning:  #1295-D: Deprecated declaration queue_init - give arg types
  void queue_init();
..\inc\record.h(43): warning:  #1-D: last line of file ends without a newline
  #endif // record_h
..\src\ambi_prox.c(93): warning: C4017W: reg may be used before being set
        uint8_t reg, recv;
..\src\ambi_prox.c(382): warning: C4017W: c may be used before being set
        char c;
..\src\ambi_prox.c: 4 warnings, 0 errors
compiling debug_uart.c...
compiling exti.c...
..\inc\main.h(109): warning:  #1295-D: Deprecated declaration queue_init - give arg types
  void queue_init();
..\inc\record.h(43): warning:  #1-D: last line of file ends without a newline
  #endif // record_h
..\src\exti.c: 2 warnings, 0 errors
compiling flash.c...
..\inc\main.h(109): warning:  #1295-D: Deprecated declaration queue_init - give arg types
  void queue_init();
..\inc\record.h(43): warning:  #1-D: last line of file ends without a newline
  #endif // record_h
..\src\flash.c(50): warning:  #177-D: variable "ret" was declared but never referenced
        uint16_t i,j,ret;
..\src\flash.c(51): warning:  #177-D: variable "listLength" was declared but never referenced
        uint8_t listLength[1],readbadblock[1],readchgblock[1],readtemp[1];
..\src\flash.c(51): warning:  #177-D: variable "readbadblock" was declared but never referenced
        uint8_t listLength[1],readbadblock[1],readchgblock[1],readtemp[1];
..\src\flash.c(51): warning:  #177-D: variable "readchgblock" was declared but never referenced
        uint8_t listLength[1],readbadblock[1],readchgblock[1],readtemp[1];
..\src\flash.c(1154): warning:  #1-D: last line of file ends without a newline
  }
..\src\flash.c(1131): warning:  #177-D: variable "c" was declared but never referenced
        char c;
..\src\flash.c(1134): warning:  #177-D: variable "j" was declared but never referenced
        uint16_t j, k;
..\src\flash.c(1134): warning:  #177-D: variable "k" was declared but never referenced
        uint16_t j, k;
..\src\flash.c: 10 warnings, 0 errors
compiling gcom.c...
..\inc\typedefine.h(325): warning:  #1-D: last line of file ends without a newline
  #endif
..\inc\gcom.h(305): warning:  #1-D: last line of file ends without a newline
  #endif
..\src\gcom.c(129): warning:  #1-D: last line of file ends without a newline
  //! @}
..\src\gcom.c: 3 warnings, 0 errors
compiling i2c.c...
..\inc\main.h(109): warning:  #1295-D: Deprecated declaration queue_init - give arg types
  void queue_init();
..\inc\record.h(43): warning:  #1-D: last line of file ends without a newline
  #endif // record_h
..\src\i2c.c: 2 warnings, 0 errors
compiling led_buzzer.c...
..\inc\main.h(109): warning:  #1295-D: Deprecated declaration queue_init - give arg types
  void queue_init();
..\inc\record.h(43): warning:  #1-D: last line of file ends without a newline
  #endif // record_h
..\src\led_buzzer.c: 2 warnings, 0 errors
compiling NetEnDeCode.c...
..\inc\NetEnDeCode.h(24): warning:  #1-D: last line of file ends without a newline
  #endif
..\inc\Table_NetCode.h(32): warning:  #1-D: last line of file ends without a newline
  #endif
..\src\NetEnDeCode.c(81): warning:  #1-D: last line of file ends without a newline
  }
..\src\NetEnDeCode.c: 3 warnings, 0 errors
compiling pir.c...
..\inc\main.h(109): warning:  #1295-D: Deprecated declaration queue_init - give arg types
  void queue_init();
..\inc\record.h(43): warning:  #1-D: last line of file ends without a newline
  #endif // record_h
..\src\pir.c(408): warning:  #223-D: function "fabs" declared implicitly
                temp = fabs(temp);//取绝对值
..\src\pir.c(399): warning: C4017W: max may be used before being set
                double temp,max,limit;
..\src\pir.c: 4 warnings, 0 errors
compiling rtc.c...
..\inc\main.h(109): warning:  #1295-D: Deprecated declaration queue_init - give arg types
  void queue_init();
..\inc\record.h(43): warning:  #1-D: last line of file ends without a newline
  #endif // record_h
..\src\rtc.c: 2 warnings, 0 errors
compiling stm32f4xx_it.c...
..\inc\main.h(109): warning:  #1295-D: Deprecated declaration queue_init - give arg types
  void queue_init();
..\src\stm32f4xx_it.c: 1 warning, 0 errors
compiling tem_rh.c...
..\inc\main.h(109): warning:  #1295-D: Deprecated declaration queue_init - give arg types
  void queue_init();
..\inc\record.h(43): warning:  #1-D: last line of file ends without a newline
  #endif // record_h
..\src\tem_rh.c(400): warning: C4017W: c may be used before being set
        char c;
..\src\tem_rh.c: 3 warnings, 0 errors
compiling timer.c...
..\inc\typedefine.h(325): warning:  #1-D: last line of file ends without a newline
  #endif
..\inc\gcom.h(305): warning:  #1-D: last line of file ends without a newline
  #endif
..\inc\main.h(109): warning:  #1295-D: Deprecated declaration queue_init - give arg types
  void queue_init();
..\inc\record.h(43): warning:  #1-D: last line of file ends without a newline
  #endif // record_h
..\inc\modecmd.h(183): warning:  #1-D: last line of file ends without a newline
  #endif
..\inc\NetEnDeCode.h(24): warning:  #1-D: last line of file ends without a newline
  #endif
..\inc\wifi.h(339): warning:  #1295-D: Deprecated declaration AlarmTmrRun - give arg types
  void AlarmTmrRun();
..\src\timer.c(193): warning:  #177-D: variable "TimeShort_Struct" was declared but never referenced
      } TimeShort_Struct={0,0};
..\src\timer.c(587): warning:  #1-D: last line of file ends without a newline
  #endif
..\src\timer.c: 9 warnings, 0 errors
compiling wifi.c...
..\inc\main.h(109): warning:  #1295-D: Deprecated declaration queue_init - give arg types
  void queue_init();
..\inc\record.h(43): warning:  #1-D: last line of file ends without a newline
  #endif // record_h
..\inc\typedefine.h(325): warning:  #1-D: last line of file ends without a newline
  #endif
..\inc\modecmd.h(183): warning:  #1-D: last line of file ends without a newline
  #endif
..\inc\Gcom.h(305): warning:  #1-D: last line of file ends without a newline
  #endif
..\inc\NetEnDeCode.h(24): warning:  #1-D: last line of file ends without a newline
  #endif
..\inc\wifi.h(339): warning:  #1295-D: Deprecated declaration AlarmTmrRun - give arg types
  void AlarmTmrRun();
..\inc\error.h(48): warning:  #1-D: last line of file ends without a newline
  #endif
..\src\wifi.c(55): warning:  #188-D: enumerated type mixed with another type
  static UHOMECOMFRAMETYPE UhomeTxFrmTyp = 0xff;        // 主板应答帧类型
..\src\wifi.c(94): warning:  #1295-D: Deprecated declaration ReportConfigPack - give arg types
  static void ReportConfigPack();
..\src\wifi.c(119): warning:  #177-D: variable "s" was declared but never referenced
        uint8_t a,s,n,r,m,t,w,d;
..\src\wifi.c(119): warning:  #177-D: variable "n" was declared but never referenced
        uint8_t a,s,n,r,m,t,w,d;
..\src\wifi.c(119): warning:  #177-D: variable "r" was declared but never referenced
        uint8_t a,s,n,r,m,t,w,d;
..\src\wifi.c(119): warning:  #177-D: variable "d" was declared but never referenced
        uint8_t a,s,n,r,m,t,w,d;
..\src\wifi.c(541): warning:  #177-D: variable "i" was declared but never referenced
        u8 i = 0;
..\src\wifi.c(544): warning:  #177-D: variable "uhomeMiuCCaddress" was declared but never referenced
        u16 uhomeMiuCCaddress = 0;
..\src\wifi.c(545): warning:  #177-D: variable "uhomePreFrmLength" was declared but never referenced
        u8 uhomePreFrmLength = 0;
..\src\wifi.c(549): warning:  #177-D: variable "uhomeAckAdd" was declared but never referenced
        u16 uhomeAckAdd = 0;
..\src\wifi.c(1236): warning:  #177-D: variable "needPro" was declared but never referenced
        u8 needPro = 0;
..\src\wifi.c(1314): warning:  #1-D: last line of file ends without a newline
  }
..\src\wifi.c(45): warning:  #177-D: variable "WifiConnectChkTmr" was declared but never referenced
  static u16 WifiConnectChkTmr = 0;     
..\src\wifi.c(57): warning:  #177-D: variable "UhomeCmdAckAdd" was declared but never referenced
  static u8 UhomeCmdAckAdd = 0;
..\src\wifi.c(69): warning:  #177-D: variable "timesecond" was declared but never referenced
  static u16 timesecond=0;
..\src\wifi.c(119): warning: C4017W: w may be used before being set
        uint8_t a,s,n,r,m,t,w,d;
..\src\wifi.c(119): warning: C4017W: t may be used before being set
        uint8_t a,s,n,r,m,t,w,d;
..\src\wifi.c(119): warning: C4017W: m may be used before being set
        uint8_t a,s,n,r,m,t,w,d;
..\src\wifi.c(119): warning: C4017W: a may be used before being set
        uint8_t a,s,n,r,m,t,w,d;
..\src\wifi.c: 27 warnings, 0 errors
linking...
Program Size: Code=14124 RO-data=460 RW-data=420 ZI-data=60852  
".\Project\Project.axf" - 0 Error(s), 85 Warning(s).
